// Vitest Snapshot v1, https://vitest.dev/guide/snapshot.html

exports[`UploadTemplate component > matches the snapshot 1`] = `
<DocumentFragment>
  <div
    style="display: flex; flex-direction: column; justify-content: start; width: 100%; height: 100%;"
  >
    <header
      class="usa-header header"
      data-testid="header"
    >
      <div
        class="display-flex height-full flex-align-center flex-justify"
      >
        <div
          class="display-flex flex-jusitfy-start height-full flex-align-center flex-justify"
        >
          <button
            class="usa-button usa-button--unstyled close-button"
            data-testid="close-button"
            type="button"
          >
            <svg
              class="usa-icon usa-icon--size-3"
              color="black"
              focusable="false"
              height="1em"
              role="img"
              viewBox="0 0 24 24"
              width="1em"
              xmlns="http://www.w3.org/2000/svg"
            >
              <path
                d="M19 6.41 17.59 5 12 10.59 6.41 5 5 6.41 10.59 12 5 17.59 6.41 19 12 13.41 17.59 19 19 17.59 13.41 12z"
              />
            </svg>
          </button>
          <h1>
            Annotate new template
          </h1>
        </div>
        <div
          class="display-flex flex-jusitfy-start height-full flex-align-center"
        >
          <button
            class="usa-button usa-button--outline reset-button"
            data-testid="button"
            type="reset"
          >
            Back
          </button>
          <button
            class="usa-button usa-button--base"
            data-testid="button"
            disabled=""
            type="submit"
          >
            Submit
          </button>
        </div>
      </div>
    </header>
    <div
      style="border-bottom: 1px solid #ccc; margin: 0px;"
    />
    <div
      style="display: flex; justify-content: center; padding-top: 32px;"
    >
      <div
        aria-label="progress"
        class="usa-step-indicator"
        data-testid="step-indicator"
      >
        <ol
          class="usa-step-indicator__segments"
        >
          <li
            aria-current="true"
            class="usa-step-indicator__segment usa-step-indicator__segment--current"
          >
            <span
              class="usa-step-indicator__segment-label"
            >
              Upload New Segment 
            </span>
          </li>
          <li
            class="usa-step-indicator__segment"
          >
            <span
              class="usa-step-indicator__segment-label"
            >
              Annotate 
              <span
                class="usa-sr-only"
              >
                not completed
              </span>
            </span>
          </li>
          <li
            class="usa-step-indicator__segment"
          >
            <span
              class="usa-step-indicator__segment-label"
            >
              Save Template 
              <span
                class="usa-sr-only"
              >
                not completed
              </span>
            </span>
          </li>
        </ol>
        <div
          class="usa-step-indicator__header"
        >
          <h5
            class="usa-step-indicator__heading"
            style="display: none;"
          >
            <span
              class="usa-step-indicator__heading-counter"
            >
              <span
                class="usa-sr-only"
                data-testid="step-text"
              >
                Step
              </span>
              <span
                class="usa-step-indicator__current-step"
              >
                1
              </span>
               
              <span
                class="usa-step-indicator__total-steps"
              >
                of 3
              </span>
               
            </span>
            <span
              class="usa-step-indicator__heading-text"
            >
              Upload New Segment
            </span>
          </h5>
        </div>
      </div>
    </div>
    <div
      style="border-bottom: 1px solid #ccc; margin: 0px;"
    />
    <div
      class="display-flex flex-column flex-align-center flex-justify-start height-full width-full padding-2 bg-primary-lighter"
    >
      <div
        class="upload-file-header-content-container"
      >
        <h1
          class="upload-file-header"
        >
          Upload new file to annotate
        </h1>
        <p>
          You can upload new lab files (PDF s or images) to annotate and save as a template. Annotation is the process of marking and labeling specific areas of an image to identify key elements or features.
        </p>
        <p
          class="upload-file-instructions"
        >
          Select one file
        </p>
        <div
          class="width-full height-full bg-white dashed-container dashed-container-preupload"
          data-testid="dashed-container"
        >
          <div
            class="display-flex flex-column flex-align-center width-full height-full"
          >
            <div
              class="usa-file-input padding-bottom-2 width-full height-full"
              data-testid="file-input"
            >
              <div
                class="usa-file-input__target"
                data-testid="file-input-droptarget"
              >
                <div
                  aria-hidden="true"
                  class="usa-file-input__instructions"
                  data-testid="file-input-instructions"
                >
                  <span
                    class="usa-file-input__drag-text"
                  >
                    Drag files here or
                  </span>
                  <span
                    class="usa-file-input__choose"
                  >
                     choose from folder
                  </span>
                </div>
                <div
                  class="usa-file-input__box"
                  data-testid="file-input-box"
                />
                <input
                  class="usa-file-input__input"
                  data-testid="file-input-input"
                  id="file-input-:r0:"
                  name="file-input-single"
                  type="file"
                />
              </div>
            </div>
          </div>
        </div>
        <div
          class="display-flex flex-jusitfy-start flex-align-center"
        >
          <button
            class="usa-button usa-button--outline upload-back-button"
            data-testid="button"
            type="reset"
          >
            Cancel Import
          </button>
          <button
            class="usa-button upload-annotate-button"
            data-testid="button"
            disabled=""
            type="submit"
          >
            Annotate
          </button>
        </div>
      </div>
    </div>
  </div>
</DocumentFragment>
`;
